hex: beef
HEX: BEEF
oct: 135357
alt hex: 0xbeef
alt oct: 0135357
