long long: -4200000000
unsigned long long: 4200000000
